// Vitest Snapshot v1, https://vitest.dev/guide/snapshot.html

exports[`engines 1`] = `
"{
  "engines": {
    "node": "batman",
    "npm": "joker"
  }
}
"
`;
