// Vitest Snapshot v1

exports[`files 1`] = `
"{
  \\"files\\": [
    \\"bin\\",
    \\"lib\\",
    \\"rules\\",
    \\"!lib/*.tsbuildinfo\\"
  ]
}
"
`;
