// Vitest Snapshot v1, https://vitest.dev/guide/snapshot.html

exports[`sort-order 1`] = `
"{
  "name": "prettier-plugin-pkg",
  "version": "0.0.0",
  "description": "An opinionated package.json formatter plugin for Prettier",
  "scripts": {
    "bootstrap": "yarn build && tsc --module commonjs --outDir lib/cjs",
    "build": "ts-node -O '{\\"module\\":\\"commonjs\\"}' build"
  },
  "repository": "git@github.com/un-ts/prettier.git",
  "homepage": "https://github.com/un-ts/prettier/tree/master/packages/pkg",
  "author": "JounQin <admin@1stg.me> (https://www.1stG.me)",
  "license": "MPL-2.0",
  "engines": {
    "node": ">= 8.0.0"
  },
  "main": "lib/cjs",
  "module": "lib/esm",
  "es2015": "lib/es2015",
  "files": [
    "lib",
    "rules",
    "README.md",
    "LICENSE"
  ],
  "keywords": [
    "package",
    "package.json",
    "pkg",
    "plugin",
    "prettier",
    "prettier-plugin"
  ],
  "peerDependencies": {
    "prettier": "^1.18.2"
  }
}
"
`;
