// Vitest Snapshot v1, https://vitest.dev/guide/snapshot.html

exports[`parser and printer > should format all fixtures > comments.toml 1`] = `
"# This is a TOML comment

# This is a multiline
# TOML comment

str1 = \\"I'm a string.\\"
"
`;

exports[`parser and printer > should format all fixtures > fixture1.toml 1`] = `
"[foo]
asfd = 1
bar = [
  'averyloooooooooooooooooooooooooooooooooooooooooooooooooooong',
  \\"arrrrrrrrrrrrrrrrrrrrrrrray\\",
  'thatexceedsthemaximumcolumnwidth',
]
"
`;
