// Vitest Snapshot v1, https://vitest.dev/guide/snapshot.html

exports[`parser and printer > should format .dockerignore fixtures - sh > .dockerignore 1`] = `
"*.less.json
*.log
*.tsbuildinfo
.vscode
coverage
dist
node_modules
"
`;
